// Jest Snapshot v1, https://goo.gl/fbAQLP

exports[`Event Card Component defaults Renders without crashing 1`] = `ShallowWrapper {}`;
