// Jest Snapshot v1, https://goo.gl/fbAQLP

exports[`Full header component Renders without crashing 1`] = `"<header class=\\"MuiPaper-root MuiAppBar-root MuiAppBar-positionFixed MuiAppBar-colorPrimary mui-fixed MuiPaper-elevation4\\"><div class=\\"MuiToolbar-root MuiToolbar-regular MuiToolbar-gutters\\"><div><div class=\\"MuiTabs-root\\"><div style=\\"width:99px;height:99px;position:absolute;top:-9999px;overflow:scroll\\" class=\\"MuiTabs-scrollable\\"></div><div class=\\"MuiTabs-scroller MuiTabs-scrollable\\" style=\\"overflow:hidden\\"><div aria-label=\\"tab bar\\" class=\\"MuiTabs-flexContainer\\" role=\\"tablist\\"><button class=\\"MuiButtonBase-root MuiTab-root MuiTab-textColorInherit Mui-selected\\" tabindex=\\"0\\" type=\\"button\\" role=\\"tab\\" aria-selected=\\"true\\"><span class=\\"MuiTab-wrapper\\">asdf</span><span class=\\"PrivateTabIndicator-root-1 PrivateTabIndicator-colorSecondary-3 MuiTabs-indicator\\"></span></button><button class=\\"MuiButtonBase-root MuiTab-root MuiTab-textColorInherit\\" tabindex=\\"-1\\" type=\\"button\\" role=\\"tab\\" aria-selected=\\"false\\"><span class=\\"MuiTab-wrapper\\">fdsa</span></button></div></div></div></div><div><button class=\\"MuiButtonBase-root MuiIconButton-root MuiIconButton-colorInherit\\" tabindex=\\"0\\" type=\\"button\\" id=\\"facebook-button\\"><span class=\\"MuiIconButton-label\\"><svg class=\\"MuiSvgIcon-root\\" focusable=\\"false\\" viewBox=\\"0 0 24 24\\" aria-hidden=\\"true\\"><path d=\\"M5 3h14a2 2 0 0 1 2 2v14a2 2 0 0 1-2 2H5a2 2 0 0 1-2-2V5a2 2 0 0 1 2-2m13 2h-2.5A3.5 3.5 0 0 0 12 8.5V11h-2v3h2v7h3v-7h3v-3h-3V9a1 1 0 0 1 1-1h2V5z\\"></path></svg></span></button><button class=\\"MuiButtonBase-root MuiIconButton-root MuiIconButton-colorInherit\\" tabindex=\\"0\\" type=\\"button\\" id=\\"email-button\\"><span class=\\"MuiIconButton-label\\"><svg class=\\"MuiSvgIcon-root\\" focusable=\\"false\\" viewBox=\\"0 0 24 24\\" aria-hidden=\\"true\\"><path d=\\"M20 4H4c-1.1 0-1.99.9-1.99 2L2 18c0 1.1.9 2 2 2h16c1.1 0 2-.9 2-2V6c0-1.1-.9-2-2-2zm0 4l-8 5-8-5V6l8 5 8-5v2z\\"></path></svg></span></button><button class=\\"MuiButtonBase-root MuiIconButton-root MuiIconButton-colorInherit\\" tabindex=\\"0\\" type=\\"button\\" id=\\"phone-button\\"><span class=\\"MuiIconButton-label\\"><svg class=\\"MuiSvgIcon-root\\" focusable=\\"false\\" viewBox=\\"0 0 24 24\\" aria-hidden=\\"true\\"><path d=\\"M6.62 10.79c1.44 2.83 3.76 5.14 6.59 6.59l2.2-2.2c.27-.27.67-.36 1.02-.24 1.12.37 2.33.57 3.57.57.55 0 1 .45 1 1V20c0 .55-.45 1-1 1-9.39 0-17-7.61-17-17 0-.55.45-1 1-1h3.5c.55 0 1 .45 1 1 0 1.25.2 2.45.57 3.57.11.35.03.74-.25 1.02l-2.2 2.2z\\"></path></svg></span></button></div></div></header>"`;
